This mechanism contains 38 gas reactions and 43 surface reactions
Finished simulation at a C/O ratio of 2.6
Finished simulation at a C/O ratio of 2.4
Finished simulation at a C/O ratio of 2.2
Finished simulation at a C/O ratio of 2.0
Finished simulation at a C/O ratio of 1.8
Finished simulation at a C/O ratio of 1.2
Finished simulation at a C/O ratio of 0.8
Finished simulation at a C/O ratio of 1.3
Finished simulation at a C/O ratio of 1.4
Finished simulation at a C/O ratio of 0.7
Finished simulation at a C/O ratio of 1.6
Finished simulation at a C/O ratio of 1.1
Finished simulation at a C/O ratio of 0.9
Finished simulation at a C/O ratio of 1.0
Finished simulation at a C/O ratio of 0.6
Starting sensitivity simulation for a C/O ratio of 2.6

***********************************************************************
CanteraError thrown by CVodesIntegrator::step:
CVodes error encountered. Error code: -3

At t = 3.23842e+06 and h = 1.11453e-14, the error test failed repeatedly or with |h| = hmin.
Components with largest weighted error estimates:
26: -661.682
34: 12.3772
28: 0.444942
25: 0.312347
35: 0.109947
33: -0.000421232
30: -0.000266571
39: 0.000223569
31: -3.16234e-05
38: -1.95248e-05
***********************************************************************

Starting sensitivity simulation for a C/O ratio of 2.2
Finished sensitivity simulation for a C/O ratio of 2.2
Finished translating for C/O ratio of 2.2
Starting sensitivity simulation for a C/O ratio of 0.6
Finished sensitivity simulation for a C/O ratio of 0.6
Finished translating for C/O ratio of 0.6
Starting sensitivity simulation for a C/O ratio of 2.4
Finished sensitivity simulation for a C/O ratio of 2.4
Finished translating for C/O ratio of 2.4
Starting sensitivity simulation for a C/O ratio of 1.6
Finished sensitivity simulation for a C/O ratio of 1.6
Finished translating for C/O ratio of 1.6
Starting sensitivity simulation for a C/O ratio of 2.0
Finished sensitivity simulation for a C/O ratio of 2.0
Finished translating for C/O ratio of 2.0
Starting sensitivity simulation for a C/O ratio of 1.4
Finished sensitivity simulation for a C/O ratio of 1.4
Finished translating for C/O ratio of 1.4
Starting sensitivity simulation for a C/O ratio of 1.2
Finished sensitivity simulation for a C/O ratio of 1.2
Finished translating for C/O ratio of 1.2
Starting sensitivity simulation for a C/O ratio of 1.8
Finished sensitivity simulation for a C/O ratio of 1.8
Finished translating for C/O ratio of 1.8
Starting sensitivity simulation for a C/O ratio of 1.1
Finished sensitivity simulation for a C/O ratio of 1.1
Finished translating for C/O ratio of 1.1
Starting sensitivity simulation for a C/O ratio of 1.0
Finished sensitivity simulation for a C/O ratio of 1.0
Finished translating for C/O ratio of 1.0
Starting sensitivity simulation for a C/O ratio of 0.7
Finished sensitivity simulation for a C/O ratio of 0.7
Finished translating for C/O ratio of 0.7
Starting sensitivity simulation for a C/O ratio of 0.8
Finished sensitivity simulation for a C/O ratio of 0.8
Finished translating for C/O ratio of 0.8
Starting sensitivity simulation for a C/O ratio of 0.9
Finished sensitivity simulation for a C/O ratio of 0.9
Finished translating for C/O ratio of 0.9
Starting sensitivity simulation for a C/O ratio of 1.3
Finished sensitivity simulation for a C/O ratio of 1.3
Finished translating for C/O ratio of 1.3
