This mechanism contains 39 gas reactions and 42 surface reactions
Finished simulation at a C/O ratio of 1.4
Finished simulation at a C/O ratio of 1.2
Finished simulation at a C/O ratio of 0.8
Finished simulation at a C/O ratio of 0.7
Finished simulation at a C/O ratio of 0.6
Finished simulation at a C/O ratio of 2.6
Finished simulation at a C/O ratio of 1.1
Finished simulation at a C/O ratio of 1.0
Finished simulation at a C/O ratio of 1.6
Finished simulation at a C/O ratio of 1.3
Finished simulation at a C/O ratio of 2.4
Finished simulation at a C/O ratio of 0.9
Finished simulation at a C/O ratio of 1.8
Finished simulation at a C/O ratio of 2.2
Finished simulation at a C/O ratio of 2.0
Starting sensitivity simulation for a C/O ratio of 1.1

***********************************************************************
CanteraError thrown by CVodesIntegrator::step:
CVodes error encountered. Error code: -3

At t = 4.9604e+07 and h = 1.10143e-17, the error test failed repeatedly or with |h| = hmin.
Components with largest weighted error estimates:
26: -26.5436
31: -6.22618
33: 0.273753
25: 0.071061
34: -0.0471576
32: -0.0102695
38: -0.00313558
36: 0.000258375
30: -0.000115365
28: 6.0591e-07
***********************************************************************

Starting sensitivity simulation for a C/O ratio of 2.4

***********************************************************************
CanteraError thrown by CVodesIntegrator::step:
CVodes error encountered. Error code: -10
Exceptions caught during RHS evaluation:

***********************************************************************
CanteraError thrown by checkFinite:
ydot contains non-finite elements:

ydot[0] = inf
ydot[2] = -nan
ydot[3] = -nan
ydot[4] = -inf
ydot[5] = -inf
ydot[6] = -nan
ydot[7] = -nan
ydot[8] = -inf
ydot[9] = -nan
ydot[10] = -nan
ydot[11] = -nan
ydot[12] = -nan
ydot[13] = -nan
ydot[14] = -nan
ydot[15] = -inf
ydot[16] = -nan
ydot[17] = -nan
ydot[18] = -nan
ydot[19] = -nan
ydot[20] = -nan
ydot[21] = -nan
ydot[22] = -nan
ydot[23] = -inf
ydot[24] = -inf
ydot[25] = -nan
ydot[26] = -nan
ydot[27] = inf
ydot[28] = -inf
ydot[29] = -inf
ydot[30] = -nan
ydot[31] = -nan
ydot[32] = -inf
ydot[33] = -nan
ydot[34] = inf
ydot[35] = -inf
ydot[36] = -nan
ydot[37] = -inf
ydot[38] = -nan
***********************************************************************


***********************************************************************
CanteraError thrown by checkFinite:
ydot contains non-finite elements:

ydot[0] = inf
ydot[2] = -nan
ydot[3] = -nan
ydot[4] = -inf
ydot[5] = -inf
ydot[6] = -nan
ydot[7] = -nan
ydot[8] = -inf
ydot[9] = -nan
ydot[10] = -nan
ydot[11] = -nan
ydot[12] = -nan
ydot[13] = -nan
ydot[14] = -nan
ydot[15] = -inf
ydot[16] = -nan
ydot[17] = -nan
ydot[18] = -nan
ydot[19] = -nan
ydot[20] = -nan
ydot[21] = -nan
ydot[22] = -nan
ydot[23] = -inf
ydot[24] = -inf
ydot[25] = -nan
ydot[26] = -nan
ydot[27] = inf
ydot[28] = -inf
ydot[29] = -inf
ydot[30] = -nan
ydot[31] = -nan
ydot[32] = -inf
ydot[33] = -nan
ydot[34] = inf
ydot[35] = -inf
ydot[36] = -nan
ydot[37] = -inf
ydot[38] = -nan
***********************************************************************


***********************************************************************
CanteraError thrown by checkFinite:
ydot contains non-finite elements:

ydot[0] = inf
ydot[2] = -nan
ydot[3] = -nan
ydot[4] = -inf
ydot[5] = -inf
ydot[6] = -nan
ydot[7] = -nan
ydot[8] = -inf
ydot[9] = -nan
ydot[10] = -nan
ydot[11] = -nan
ydot[12] = -nan
ydot[13] = -nan
ydot[14] = -nan
ydot[15] = -inf
ydot[16] = -nan
ydot[17] = -nan
ydot[18] = -nan
ydot[19] = -nan
ydot[20] = -nan
ydot[21] = -nan
ydot[22] = -nan
ydot[23] = -inf
ydot[24] = -inf
ydot[25] = -nan
ydot[26] = -nan
ydot[27] = inf
ydot[28] = -inf
ydot[29] = -inf
ydot[30] = -nan
ydot[31] = -nan
ydot[32] = -inf
ydot[33] = -nan
ydot[34] = inf
ydot[35] = -inf
ydot[36] = -nan
ydot[37] = -inf
ydot[38] = -nan
***********************************************************************


***********************************************************************
CanteraError thrown by checkFinite:
ydot contains non-finite elements:

ydot[0] = inf
ydot[2] = -nan
ydot[3] = -nan
ydot[4] = -inf
ydot[5] = -inf
ydot[6] = -nan
ydot[7] = -nan
ydot[8] = -inf
ydot[9] = -nan
ydot[10] = -nan
ydot[11] = -nan
ydot[12] = -nan
ydot[13] = -nan
ydot[14] = -nan
ydot[15] = -inf
ydot[16] = -nan
ydot[17] = -nan
ydot[18] = -nan
ydot[19] = -nan
ydot[20] = -nan
ydot[21] = -nan
ydot[22] = -nan
ydot[23] = -inf
ydot[24] = -inf
ydot[25] = -nan
ydot[26] = -nan
ydot[27] = inf
ydot[28] = -inf
ydot[29] = -inf
ydot[30] = -nan
ydot[31] = -nan
ydot[32] = -inf
ydot[33] = -nan
ydot[34] = inf
ydot[35] = -inf
ydot[36] = -nan
ydot[37] = -inf
ydot[38] = -nan
***********************************************************************


***********************************************************************
CanteraError thrown by checkFinite:
ydot contains non-finite elements:

ydot[0] = inf
ydot[2] = -nan
ydot[3] = -nan
ydot[4] = -inf
ydot[5] = -inf
ydot[6] = -nan
ydot[7] = -nan
ydot[8] = -inf
ydot[9] = -nan
ydot[10] = -nan
ydot[11] = -nan
ydot[12] = -nan
ydot[13] = -nan
ydot[14] = -nan
ydot[15] = -inf
ydot[16] = -nan
ydot[17] = -nan
ydot[18] = -nan
ydot[19] = -nan
ydot[20] = -nan
ydot[21] = -nan
ydot[22] = -nan
ydot[23] = -inf
ydot[24] = -inf
ydot[25] = -nan
ydot[26] = -nan
ydot[27] = inf
ydot[28] = -inf
ydot[29] = -inf
ydot[30] = -nan
ydot[31] = -nan
ydot[32] = -inf
ydot[33] = -nan
ydot[34] = inf
ydot[35] = -inf
ydot[36] = -nan
ydot[37] = -inf
ydot[38] = -nan
***********************************************************************


***********************************************************************
CanteraError thrown by checkFinite:
ydot contains non-finite elements:

ydot[0] = inf
ydot[2] = -nan
ydot[3] = -nan
ydot[4] = -inf
ydot[5] = -inf
ydot[6] = -nan
ydot[7] = -nan
ydot[8] = -inf
ydot[9] = -nan
ydot[10] = -nan
ydot[11] = -nan
ydot[12] = -nan
ydot[13] = -nan
ydot[14] = -nan
ydot[15] = -inf
ydot[16] = -nan
ydot[17] = -nan
ydot[18] = -nan
ydot[19] = -nan
ydot[20] = -nan
ydot[21] = -nan
ydot[22] = -nan
ydot[23] = -inf
ydot[24] = -inf
ydot[25] = -nan
ydot[26] = -nan
ydot[27] = inf
ydot[28] = -inf
ydot[29] = -inf
ydot[30] = -nan
ydot[31] = -nan
ydot[32] = -inf
ydot[33] = -nan
ydot[34] = inf
ydot[35] = -inf
ydot[36] = -nan
ydot[37] = -inf
ydot[38] = -nan
***********************************************************************


***********************************************************************
CanteraError thrown by checkFinite:
ydot contains non-finite elements:

ydot[0] = inf
ydot[2] = -nan
ydot[3] = -nan
ydot[4] = -inf
ydot[5] = -inf
ydot[6] = -nan
ydot[7] = -nan
ydot[8] = -inf
ydot[9] = -nan
ydot[10] = -nan
ydot[11] = -nan
ydot[12] = -nan
ydot[13] = -nan
ydot[14] = -nan
ydot[15] = -inf
ydot[16] = -nan
ydot[17] = -nan
ydot[18] = -nan
ydot[19] = -nan
ydot[20] = -nan
ydot[21] = -nan
ydot[22] = -nan
ydot[23] = -inf
ydot[24] = -inf
ydot[25] = -nan
ydot[26] = -nan
ydot[27] = inf
ydot[28] = -inf
ydot[29] = -inf
ydot[30] = -nan
ydot[31] = -nan
ydot[32] = -inf
ydot[33] = -nan
ydot[34] = inf
ydot[35] = -inf
ydot[36] = -nan
ydot[37] = -inf
ydot[38] = -nan
***********************************************************************


***********************************************************************
CanteraError thrown by checkFinite:
ydot contains non-finite elements:

ydot[0] = inf
ydot[2] = -nan
ydot[3] = -nan
ydot[4] = -inf
ydot[5] = -inf
ydot[6] = -nan
ydot[7] = -nan
ydot[8] = -inf
ydot[9] = -nan
ydot[10] = -nan
ydot[11] = -nan
ydot[12] = -nan
ydot[13] = -nan
ydot[14] = -nan
ydot[15] = -inf
ydot[16] = -nan
ydot[17] = -nan
ydot[18] = -nan
ydot[19] = -nan
ydot[20] = -nan
ydot[21] = -nan
ydot[22] = -nan
ydot[23] = -inf
ydot[24] = -inf
ydot[25] = -nan
ydot[26] = -nan
ydot[27] = inf
ydot[28] = -inf
ydot[29] = -inf
ydot[30] = -nan
ydot[31] = -nan
ydot[32] = -inf
ydot[33] = -nan
ydot[34] = inf
ydot[35] = -inf
ydot[36] = -nan
ydot[37] = -inf
ydot[38] = -nan
***********************************************************************


***********************************************************************
CanteraError thrown by checkFinite:
ydot contains non-finite elements:

ydot[0] = inf
ydot[2] = -nan
ydot[3] = -nan
ydot[4] = -inf
ydot[5] = -inf
ydot[6] = -nan
ydot[7] = -nan
ydot[8] = -inf
ydot[9] = -nan
ydot[10] = -nan
ydot[11] = -nan
ydot[12] = -nan
ydot[13] = -nan
ydot[14] = -nan
ydot[15] = -inf
ydot[16] = -nan
ydot[17] = -nan
ydot[18] = -nan
ydot[19] = -nan
ydot[20] = -nan
ydot[21] = -nan
ydot[22] = -nan
ydot[23] = -inf
ydot[24] = -inf
ydot[25] = -nan
ydot[26] = -nan
ydot[27] = inf
ydot[28] = -inf
ydot[29] = -inf
ydot[30] = -nan
ydot[31] = -nan
ydot[32] = -inf
ydot[33] = -nan
ydot[34] = inf
ydot[35] = -inf
ydot[36] = -nan
ydot[37] = -inf
ydot[38] = -nan
***********************************************************************


***********************************************************************
CanteraError thrown by checkFinite:
ydot contains non-finite elements:

ydot[0] = inf
ydot[2] = -nan
ydot[3] = -nan
ydot[4] = -inf
ydot[5] = -inf
ydot[6] = -nan
ydot[7] = -nan
ydot[8] = -inf
ydot[9] = -nan
ydot[10] = -nan
ydot[11] = -nan
ydot[12] = -nan
ydot[13] = -nan
ydot[14] = -nan
ydot[15] = -inf
ydot[16] = -nan
ydot[17] = -nan
ydot[18] = -nan
ydot[19] = -nan
ydot[20] = -nan
ydot[21] = -nan
ydot[22] = -nan
ydot[23] = -inf
ydot[24] = -inf
ydot[25] = -nan
ydot[26] = -nan
ydot[27] = inf
ydot[28] = -inf
ydot[29] = -inf
ydot[30] = -nan
ydot[31] = -nan
ydot[32] = -inf
ydot[33] = -nan
ydot[34] = inf
ydot[35] = -inf
ydot[36] = -nan
ydot[37] = -inf
ydot[38] = -nan
***********************************************************************


At t = 5.52264e+11 repeated recoverable right-hand side function errors.
Components with largest weighted error estimates:
2: -nan
3: -nan
4: -inf
5: -inf
8: -inf
15: -inf
0: inf
1: 0
6: -nan
7: -nan
***********************************************************************

Starting sensitivity simulation for a C/O ratio of 1.4

***********************************************************************
CanteraError thrown by CVodesIntegrator::step:
CVodes error encountered. Error code: -3

At t = 4.0191e+07 and h = 8.9242e-18, the error test failed repeatedly or with |h| = hmin.
Components with largest weighted error estimates:
26: -33.1191
31: -0.852188
25: 0.06187
33: 0.03626
32: -0.0127847
34: -0.004362
38: -0.000962529
36: 5.8363e-05
30: -3.91306e-05
28: 4.28367e-07
***********************************************************************

Starting sensitivity simulation for a C/O ratio of 1.2

***********************************************************************
CanteraError thrown by CVodesIntegrator::step:
CVodes error encountered. Error code: -3

At t = 5.22242e+07 and h = 1.15961e-17, the error test failed repeatedly or with |h| = hmin.
Components with largest weighted error estimates:
26: -34.2755
31: -4.09207
33: 0.174295
25: 0.0847967
34: -0.0277497
32: -0.0133322
38: -0.00312765
36: 0.000117237
30: -7.78297e-05
28: 6.72267e-07
***********************************************************************

Starting sensitivity simulation for a C/O ratio of 1.3
Finished sensitivity simulation for a C/O ratio of 1.3
Finished translating for C/O ratio of 1.3
Starting sensitivity simulation for a C/O ratio of 1.8

***********************************************************************
CanteraError thrown by CVodesIntegrator::step:
CVodes error encountered. Error code: -3

At t = 4.35524e+07 and h = 9.67057e-18, the error test failed repeatedly or with |h| = hmin.
Components with largest weighted error estimates:
26: -39.338
31: -0.132441
25: 0.0444502
32: -0.0152638
33: 0.00497461
34: -0.000362153
38: -9.66956e-05
28: 3.14624e-07
37: 2.57892e-07
36: 1.62055e-07
***********************************************************************

Starting sensitivity simulation for a C/O ratio of 1.6

***********************************************************************
CanteraError thrown by CVodesIntegrator::step:
CVodes error encountered. Error code: -3

At t = 3.65107e+07 and h = 8.10701e-18, the error test failed repeatedly or with |h| = hmin.
Components with largest weighted error estimates:
26: -31.9294
31: -0.311
25: 0.0492303
33: 0.0129574
32: -0.0122908
34: -0.00128688
38: -0.000328284
36: 3.46238e-06
30: -3.31383e-06
28: 3.35748e-07
***********************************************************************

Starting sensitivity simulation for a C/O ratio of 0.8
Finished sensitivity simulation for a C/O ratio of 0.8
Finished translating for C/O ratio of 0.8
Starting sensitivity simulation for a C/O ratio of 2.2
Finished sensitivity simulation for a C/O ratio of 2.2
Finished translating for C/O ratio of 2.2
Starting sensitivity simulation for a C/O ratio of 2.6
Finished sensitivity simulation for a C/O ratio of 2.6
Finished translating for C/O ratio of 2.6
Starting sensitivity simulation for a C/O ratio of 2.0
Finished sensitivity simulation for a C/O ratio of 2.0
Finished translating for C/O ratio of 2.0
Starting sensitivity simulation for a C/O ratio of 0.6
Finished sensitivity simulation for a C/O ratio of 0.6
Finished translating for C/O ratio of 0.6
Starting sensitivity simulation for a C/O ratio of 0.7
Finished sensitivity simulation for a C/O ratio of 0.7
Finished translating for C/O ratio of 0.7
Starting sensitivity simulation for a C/O ratio of 0.9
Finished sensitivity simulation for a C/O ratio of 0.9
Finished translating for C/O ratio of 0.9
Starting sensitivity simulation for a C/O ratio of 1.0
Finished sensitivity simulation for a C/O ratio of 1.0
Finished translating for C/O ratio of 1.0
Starting sensitivity simulation for a C/O ratio of 1.2

***********************************************************************
CanteraError thrown by CVodesIntegrator::step:
CVodes error encountered. Error code: -3

At t = 2.10326e+08 and h = 1.16754e-17, the error test failed repeatedly or with |h| = hmin.
Components with largest weighted error estimates:
26: -34.5007
31: -4.07745
33: 0.175435
25: 0.0853552
34: -0.0279318
32: -0.0134104
38: -0.000815081
36: 1.24181e-05
30: -1.17777e-05
28: 6.77658e-07
***********************************************************************

Starting sensitivity simulation for a C/O ratio of 1.3

***********************************************************************
CanteraError thrown by CVodesIntegrator::step:
CVodes error encountered. Error code: -3

At t = 1.23705e+08 and h = 6.86699e-18, the error test failed repeatedly or with |h| = hmin.
Components with largest weighted error estimates:
26: -22.9697
31: -1.51256
33: 0.066551
25: 0.0526786
34: -0.00982462
32: -0.00876287
38: -0.000284632
36: 4.09215e-06
30: -3.96419e-06
28: 3.56482e-07
***********************************************************************

Starting sensitivity simulation for a C/O ratio of 1.4

***********************************************************************
CanteraError thrown by CVodesIntegrator::step:
CVodes error encountered. Error code: -3

At t = 1.85608e+08 and h = 1.03033e-17, the error test failed repeatedly or with |h| = hmin.
Components with largest weighted error estimates:
26: -37.9667
31: -0.99874
25: 0.0711352
33: 0.0420728
32: -0.0147225
34: -0.00507565
38: -0.000145765
36: 6.9024e-06
30: -6.56733e-06
28: 5.02933e-07
***********************************************************************

Starting sensitivity simulation for a C/O ratio of 1.1

***********************************************************************
CanteraError thrown by CVodesIntegrator::step:
CVodes error encountered. Error code: -3

At t = 1.54697e+08 and h = 8.58739e-18, the error test failed repeatedly or with |h| = hmin.
Components with largest weighted error estimates:
26: -20.8545
31: -4.82123
33: 0.214665
25: 0.055833
34: -0.0369815
32: -0.0079863
38: -0.000852946
36: 2.30553e-05
30: -2.01788e-05
28: 4.38446e-07
***********************************************************************

Starting sensitivity simulation for a C/O ratio of 1.8

***********************************************************************
CanteraError thrown by CVodesIntegrator::step:
CVodes error encountered. Error code: -3

At t = 1.56205e+08 and h = 8.67111e-18, the error test failed repeatedly or with |h| = hmin.
Components with largest weighted error estimates:
26: -35.4045
31: -0.118022
25: 0.0400504
32: -0.0135868
33: 0.00448304
34: -0.000326391
38: -8.8303e-06
28: 2.72462e-07
37: 1.93193e-07
36: 1.43959e-08
***********************************************************************

Starting sensitivity simulation for a C/O ratio of 0.8
Finished sensitivity simulation for a C/O ratio of 0.8
Finished translating for C/O ratio of 0.8
Starting sensitivity simulation for a C/O ratio of 0.6
Finished sensitivity simulation for a C/O ratio of 0.6
Finished translating for C/O ratio of 0.6
Starting sensitivity simulation for a C/O ratio of 0.7
Finished sensitivity simulation for a C/O ratio of 0.7
Finished translating for C/O ratio of 0.7
Starting sensitivity simulation for a C/O ratio of 1.0
Finished sensitivity simulation for a C/O ratio of 1.0
Finished translating for C/O ratio of 1.0
Starting sensitivity simulation for a C/O ratio of 2.4
Finished sensitivity simulation for a C/O ratio of 2.4
Finished translating for C/O ratio of 2.4
Starting sensitivity simulation for a C/O ratio of 2.6
Finished sensitivity simulation for a C/O ratio of 2.6
Finished translating for C/O ratio of 2.6
Starting sensitivity simulation for a C/O ratio of 2.2
Finished sensitivity simulation for a C/O ratio of 2.2
Finished translating for C/O ratio of 2.2
Starting sensitivity simulation for a C/O ratio of 2.0
Finished sensitivity simulation for a C/O ratio of 2.0
Finished translating for C/O ratio of 2.0
Starting sensitivity simulation for a C/O ratio of 1.6

***********************************************************************
CanteraError thrown by CVodesIntegrator::step:
CVodes error encountered. Error code: -3

At t = 3.78417e+07 and h = 8.40255e-18, the error test failed repeatedly or with |h| = hmin.
Components with largest weighted error estimates:
26: -33.0737
31: -0.315332
25: 0.0507182
33: 0.0131097
32: -0.0127138
34: -0.00129462
38: -3.56825e-05
36: 3.53137e-07
30: -3.51277e-07
28: 3.44744e-07
***********************************************************************

Starting sensitivity simulation for a C/O ratio of 0.9
Finished sensitivity simulation for a C/O ratio of 0.9
Finished translating for C/O ratio of 0.9
