This mechanism contains 38 gas reactions and 43 surface reactions
Finished simulation at a C/O ratio of 2.6
Finished simulation at a C/O ratio of 2.4
Finished simulation at a C/O ratio of 2.0
Finished simulation at a C/O ratio of 2.2
Finished simulation at a C/O ratio of 1.8
Finished simulation at a C/O ratio of 0.7
Finished simulation at a C/O ratio of 1.4
Finished simulation at a C/O ratio of 1.2
Finished simulation at a C/O ratio of 1.6
Finished simulation at a C/O ratio of 1.0
Finished simulation at a C/O ratio of 0.9
Finished simulation at a C/O ratio of 0.8
Finished simulation at a C/O ratio of 1.3
Finished simulation at a C/O ratio of 1.1
Finished simulation at a C/O ratio of 0.6
Starting sensitivity simulation for a C/O ratio of 2.0

***********************************************************************
CanteraError thrown by CVodesIntegrator::step:
CVodes error encountered. Error code: -3

At t = 5.04878e+06 and h = 1.32503e-15, the error test failed repeatedly or with |h| = hmin.
Components with largest weighted error estimates:
26: -44.5557
34: 1.31781
25: 0.024878
35: 0.0123772
28: 0.0118373
39: 7.3245e-05
33: -6.78562e-05
30: -1.84151e-05
38: -4.61502e-06
31: -1.97616e-06
***********************************************************************

Starting sensitivity simulation for a C/O ratio of 2.2

***********************************************************************
CanteraError thrown by CVodesIntegrator::step:
CVodes error encountered. Error code: -3

At t = 3.37924e+06 and h = 2.75912e-15, the error test failed repeatedly or with |h| = hmin.
Components with largest weighted error estimates:
26: 129.371
34: -4.65196
28: -0.0672553
25: -0.0595519
35: -0.049802
39: -0.000337631
33: 0.000247662
30: 3.96723e-05
38: 1.07166e-05
31: 4.96138e-06
***********************************************************************

Starting sensitivity simulation for a C/O ratio of 0.6
Finished sensitivity simulation for a C/O ratio of 0.6
Finished translating for C/O ratio of 0.6
Starting sensitivity simulation for a C/O ratio of 2.6
Finished sensitivity simulation for a C/O ratio of 2.6
Finished translating for C/O ratio of 2.6
Starting sensitivity simulation for a C/O ratio of 2.4
Finished sensitivity simulation for a C/O ratio of 2.4
Finished translating for C/O ratio of 2.4
Starting sensitivity simulation for a C/O ratio of 1.8
Finished sensitivity simulation for a C/O ratio of 1.8
Finished translating for C/O ratio of 1.8
Starting sensitivity simulation for a C/O ratio of 1.6
Finished sensitivity simulation for a C/O ratio of 1.6
Finished translating for C/O ratio of 1.6
Starting sensitivity simulation for a C/O ratio of 1.2
Finished sensitivity simulation for a C/O ratio of 1.2
Finished translating for C/O ratio of 1.2
Starting sensitivity simulation for a C/O ratio of 0.7
Finished sensitivity simulation for a C/O ratio of 0.7
Finished translating for C/O ratio of 0.7
Starting sensitivity simulation for a C/O ratio of 1.0
Finished sensitivity simulation for a C/O ratio of 1.0
Finished translating for C/O ratio of 1.0
Starting sensitivity simulation for a C/O ratio of 1.1
Finished sensitivity simulation for a C/O ratio of 1.1
Finished translating for C/O ratio of 1.1
Starting sensitivity simulation for a C/O ratio of 0.9
Finished sensitivity simulation for a C/O ratio of 0.9
Finished translating for C/O ratio of 0.9
Starting sensitivity simulation for a C/O ratio of 1.3
Finished sensitivity simulation for a C/O ratio of 1.3
Finished translating for C/O ratio of 1.3
Starting sensitivity simulation for a C/O ratio of 0.8
Finished sensitivity simulation for a C/O ratio of 0.8
Finished translating for C/O ratio of 0.8
Starting sensitivity simulation for a C/O ratio of 1.4
Finished sensitivity simulation for a C/O ratio of 1.4
Finished translating for C/O ratio of 1.4
