This mechanism contains 38 gas reactions and 41 surface reactions
Finished simulation at a C/O ratio of 0.8
Finished simulation at a C/O ratio of 0.7
Finished simulation at a C/O ratio of 0.9
Finished simulation at a C/O ratio of 1.0
Finished simulation at a C/O ratio of 1.3
Finished simulation at a C/O ratio of 1.4
Finished simulation at a C/O ratio of 1.1
Finished simulation at a C/O ratio of 1.2
Finished simulation at a C/O ratio of 1.6
Finished simulation at a C/O ratio of 1.8
Finished simulation at a C/O ratio of 2.6
Finished simulation at a C/O ratio of 2.4
Finished simulation at a C/O ratio of 2.0
Finished simulation at a C/O ratio of 2.2
Finished simulation at a C/O ratio of 0.6
Starting sensitivity simulation for a C/O ratio of 0.8

***********************************************************************
CanteraError thrown by CVodesIntegrator::step:
CVodes error encountered. Error code: -3

At t = 1.39454e+07 and h = 3.09651e-18, the error test failed repeatedly or with |h| = hmin.
Components with largest weighted error estimates:
34: -23.3951
35: 0.216423
33: -0.00770009
26: -0.00137926
28: -3.56203e-05
25: 4.69401e-06
39: -1.05393e-06
29: 5.51122e-07
27: -1.33576e-09
30: 1.64282e-10
***********************************************************************

Starting sensitivity simulation for a C/O ratio of 0.7
Finished sensitivity simulation for a C/O ratio of 0.7
Finished translating for C/O ratio of 0.7
Starting sensitivity simulation for a C/O ratio of 0.9
Finished sensitivity simulation for a C/O ratio of 0.9
Finished translating for C/O ratio of 0.9
Starting sensitivity simulation for a C/O ratio of 1.6
Finished sensitivity simulation for a C/O ratio of 1.6
Finished translating for C/O ratio of 1.6
Starting sensitivity simulation for a C/O ratio of 1.2
Finished sensitivity simulation for a C/O ratio of 1.2
Finished translating for C/O ratio of 1.2
Starting sensitivity simulation for a C/O ratio of 1.0
Finished sensitivity simulation for a C/O ratio of 1.0
Finished translating for C/O ratio of 1.0
Starting sensitivity simulation for a C/O ratio of 1.1
Finished sensitivity simulation for a C/O ratio of 1.1
Finished translating for C/O ratio of 1.1
Starting sensitivity simulation for a C/O ratio of 0.6
Finished sensitivity simulation for a C/O ratio of 0.6
Finished translating for C/O ratio of 0.6
Starting sensitivity simulation for a C/O ratio of 2.6
Finished sensitivity simulation for a C/O ratio of 2.6
Finished translating for C/O ratio of 2.6
Starting sensitivity simulation for a C/O ratio of 2.0
Finished sensitivity simulation for a C/O ratio of 2.0
Finished translating for C/O ratio of 2.0
Starting sensitivity simulation for a C/O ratio of 1.8
Finished sensitivity simulation for a C/O ratio of 1.8
Finished translating for C/O ratio of 1.8
Starting sensitivity simulation for a C/O ratio of 2.4
Finished sensitivity simulation for a C/O ratio of 2.4
Finished translating for C/O ratio of 2.4
Starting sensitivity simulation for a C/O ratio of 2.2
Finished sensitivity simulation for a C/O ratio of 2.2
Finished translating for C/O ratio of 2.2
Starting sensitivity simulation for a C/O ratio of 1.3
Finished sensitivity simulation for a C/O ratio of 1.3
Finished translating for C/O ratio of 1.3
Starting sensitivity simulation for a C/O ratio of 1.4
Finished sensitivity simulation for a C/O ratio of 1.4
Finished translating for C/O ratio of 1.4
