This mechanism contains 38 gas reactions and 41 surface reactions
Finished simulation at a C/O ratio of 1.8
Finished simulation at a C/O ratio of 2.2
Finished simulation at a C/O ratio of 2.4
Finished simulation at a C/O ratio of 1.4
Finished simulation at a C/O ratio of 0.9
Finished simulation at a C/O ratio of 1.6
Finished simulation at a C/O ratio of 2.6
Finished simulation at a C/O ratio of 0.7
Finished simulation at a C/O ratio of 0.8
Finished simulation at a C/O ratio of 1.2
Finished simulation at a C/O ratio of 1.3
Finished simulation at a C/O ratio of 1.0
Finished simulation at a C/O ratio of 2.0
Finished simulation at a C/O ratio of 1.1
Finished simulation at a C/O ratio of 0.6
Starting sensitivity simulation for a C/O ratio of 1.0

***********************************************************************
CanteraError thrown by CVodesIntegrator::step:
CVodes error encountered. Error code: -3

At t = 9.14071e+06 and h = 2.02965e-18, the error test failed repeatedly or with |h| = hmin.
Components with largest weighted error estimates:
34: 13.5663
28: -0.000332006
35: -0.000289315
26: -0.000101717
29: -4.2471e-06
25: 6.7e-07
39: -3.001e-07
33: -1.28749e-08
31: 2.27004e-09
27: 7.89614e-11
***********************************************************************

Starting sensitivity simulation for a C/O ratio of 2.6
Finished sensitivity simulation for a C/O ratio of 2.6
Finished translating for C/O ratio of 2.6
Starting sensitivity simulation for a C/O ratio of 2.0
Finished sensitivity simulation for a C/O ratio of 2.0
Finished translating for C/O ratio of 2.0
Starting sensitivity simulation for a C/O ratio of 2.2
Finished sensitivity simulation for a C/O ratio of 2.2
Finished translating for C/O ratio of 2.2
Starting sensitivity simulation for a C/O ratio of 2.4
Finished sensitivity simulation for a C/O ratio of 2.4
Finished translating for C/O ratio of 2.4
Starting sensitivity simulation for a C/O ratio of 1.6
Finished sensitivity simulation for a C/O ratio of 1.6
Finished translating for C/O ratio of 1.6
Starting sensitivity simulation for a C/O ratio of 0.7
Finished sensitivity simulation for a C/O ratio of 0.7
Finished translating for C/O ratio of 0.7
Starting sensitivity simulation for a C/O ratio of 0.9
Finished sensitivity simulation for a C/O ratio of 0.9
Finished translating for C/O ratio of 0.9
Starting sensitivity simulation for a C/O ratio of 1.3
Finished sensitivity simulation for a C/O ratio of 1.3
Finished translating for C/O ratio of 1.3
Starting sensitivity simulation for a C/O ratio of 1.4
Finished sensitivity simulation for a C/O ratio of 1.4
Finished translating for C/O ratio of 1.4
Starting sensitivity simulation for a C/O ratio of 1.1
Finished sensitivity simulation for a C/O ratio of 1.1
Finished translating for C/O ratio of 1.1
Starting sensitivity simulation for a C/O ratio of 0.8
Finished sensitivity simulation for a C/O ratio of 0.8
Finished translating for C/O ratio of 0.8
Starting sensitivity simulation for a C/O ratio of 1.2
Finished sensitivity simulation for a C/O ratio of 1.2
Finished translating for C/O ratio of 1.2
Starting sensitivity simulation for a C/O ratio of 1.8
Finished sensitivity simulation for a C/O ratio of 1.8
Finished translating for C/O ratio of 1.8
Starting sensitivity simulation for a C/O ratio of 0.6
Finished sensitivity simulation for a C/O ratio of 0.6
Finished translating for C/O ratio of 0.6
