This mechanism contains 38 gas reactions and 42 surface reactions
Finished simulation at a C/O ratio of 2.2
Finished simulation at a C/O ratio of 2.4
Finished simulation at a C/O ratio of 2.6
Finished simulation at a C/O ratio of 1.6
Finished simulation at a C/O ratio of 2.0
Finished simulation at a C/O ratio of 0.6
Finished simulation at a C/O ratio of 0.7
Finished simulation at a C/O ratio of 1.8
Finished simulation at a C/O ratio of 1.4
Finished simulation at a C/O ratio of 1.1
Finished simulation at a C/O ratio of 0.9
Finished simulation at a C/O ratio of 0.8
Finished simulation at a C/O ratio of 1.3
Finished simulation at a C/O ratio of 1.0
Finished simulation at a C/O ratio of 1.2
Starting sensitivity simulation for a C/O ratio of 2.0

***********************************************************************
CanteraError thrown by CVodesIntegrator::step:
CVodes error encountered. Error code: -3

At t = 4.01088e+06 and h = 1.76284e-15, the error test failed repeatedly or with |h| = hmin.
Components with largest weighted error estimates:
26: -260.484
34: 1.27683
25: 0.130835
35: 0.0426986
28: 0.0153939
33: -0.000856248
39: 0.000402308
30: -2.41837e-05
38: -9.9108e-06
31: -2.90572e-06
***********************************************************************

Starting sensitivity simulation for a C/O ratio of 2.4
Finished sensitivity simulation for a C/O ratio of 2.4
Finished translating for C/O ratio of 2.4
Starting sensitivity simulation for a C/O ratio of 1.8
Finished sensitivity simulation for a C/O ratio of 1.8
Finished translating for C/O ratio of 1.8
Starting sensitivity simulation for a C/O ratio of 2.2
Finished sensitivity simulation for a C/O ratio of 2.2
Finished translating for C/O ratio of 2.2
Starting sensitivity simulation for a C/O ratio of 1.6
Finished sensitivity simulation for a C/O ratio of 1.6
Finished translating for C/O ratio of 1.6
Starting sensitivity simulation for a C/O ratio of 0.7
Finished sensitivity simulation for a C/O ratio of 0.7
Finished translating for C/O ratio of 0.7
Starting sensitivity simulation for a C/O ratio of 2.6
Finished sensitivity simulation for a C/O ratio of 2.6
Finished translating for C/O ratio of 2.6
Starting sensitivity simulation for a C/O ratio of 0.8
Finished sensitivity simulation for a C/O ratio of 0.8
Finished translating for C/O ratio of 0.8
Starting sensitivity simulation for a C/O ratio of 1.4
Finished sensitivity simulation for a C/O ratio of 1.4
Finished translating for C/O ratio of 1.4
Starting sensitivity simulation for a C/O ratio of 0.9
Finished sensitivity simulation for a C/O ratio of 0.9
Finished translating for C/O ratio of 0.9
Starting sensitivity simulation for a C/O ratio of 1.3
Finished sensitivity simulation for a C/O ratio of 1.3
Finished translating for C/O ratio of 1.3
Starting sensitivity simulation for a C/O ratio of 0.6
Finished sensitivity simulation for a C/O ratio of 0.6
Finished translating for C/O ratio of 0.6
Starting sensitivity simulation for a C/O ratio of 1.2
Finished sensitivity simulation for a C/O ratio of 1.2
Finished translating for C/O ratio of 1.2
Starting sensitivity simulation for a C/O ratio of 1.0
Finished sensitivity simulation for a C/O ratio of 1.0
Finished translating for C/O ratio of 1.0
Starting sensitivity simulation for a C/O ratio of 1.1
Finished sensitivity simulation for a C/O ratio of 1.1
Finished translating for C/O ratio of 1.1
