This mechanism contains 39 gas reactions and 42 surface reactions
Finished simulation at a C/O ratio of 0.9
Finished simulation at a C/O ratio of 2.4
Finished simulation at a C/O ratio of 1.4
Finished simulation at a C/O ratio of 1.6
Finished simulation at a C/O ratio of 1.2
Finished simulation at a C/O ratio of 0.7
Finished simulation at a C/O ratio of 2.0
Finished simulation at a C/O ratio of 2.6
Finished simulation at a C/O ratio of 2.2
Finished simulation at a C/O ratio of 0.6
Finished simulation at a C/O ratio of 1.8
Finished simulation at a C/O ratio of 1.0
Finished simulation at a C/O ratio of 1.1
Finished simulation at a C/O ratio of 1.3
Finished simulation at a C/O ratio of 0.8
Starting sensitivity simulation for a C/O ratio of 0.9

***********************************************************************
CanteraError thrown by CVodesIntegrator::step:
CVodes error encountered. Error code: -3

At t = 1.72156e+08 and h = 3.82262e-17, the error test failed repeatedly or with |h| = hmin.
Components with largest weighted error estimates:
26: 15.5396
31: 0.174178
25: -0.0375668
32: 0.0226422
33: -0.00160901
34: 6.38855e-05
38: 2.40535e-05
37: -6.03578e-07
28: -2.56018e-07
39: -8.69694e-09
***********************************************************************

Starting sensitivity simulation for a C/O ratio of 1.1

***********************************************************************
CanteraError thrown by CVodesIntegrator::step:
CVodes error encountered. Error code: -3

At t = 1.68962e+08 and h = 3.75171e-17, the error test failed repeatedly or with |h| = hmin.
Components with largest weighted error estimates:
26: 15.2663
31: 0.0944158
25: -0.0346785
32: 0.0220746
33: -0.000742218
34: 2.75907e-05
38: 9.5803e-06
37: -4.08141e-07
28: -2.33267e-07
39: -3.43315e-09
***********************************************************************

Starting sensitivity simulation for a C/O ratio of 1.0

***********************************************************************
CanteraError thrown by CVodesIntegrator::step:
CVodes error encountered. Error code: -3

At t = 1.82056e+08 and h = 4.04246e-17, the error test failed repeatedly or with |h| = hmin.
Components with largest weighted error estimates:
26: 16.391
31: 0.134086
25: -0.0386251
32: 0.0238882
33: -0.00114727
34: 4.43355e-05
38: 1.63427e-05
37: -5.73916e-07
28: -2.63058e-07
39: -6.26515e-09
***********************************************************************

Starting sensitivity simulation for a C/O ratio of 1.6

***********************************************************************
CanteraError thrown by CVodesIntegrator::step:
CVodes error encountered. Error code: -3

At t = 1.04537e+08 and h = 4.67823e-16, the error test failed repeatedly or with |h| = hmin.
Components with largest weighted error estimates:
26: 13.7528
31: -0.160185
25: -0.0106604
33: -0.00276428
32: -0.000444264
34: 2.72544e-05
37: 4.8193e-06
38: -2.16986e-07
28: 9.0149e-08
39: 6.69908e-08
***********************************************************************

Starting sensitivity simulation for a C/O ratio of 2.6
Finished sensitivity simulation for a C/O ratio of 2.6
Finished translating for C/O ratio of 2.6
Starting sensitivity simulation for a C/O ratio of 1.2
Finished sensitivity simulation for a C/O ratio of 1.2
Finished translating for C/O ratio of 1.2
Starting sensitivity simulation for a C/O ratio of 1.3
Finished sensitivity simulation for a C/O ratio of 1.3
Finished translating for C/O ratio of 1.3
Starting sensitivity simulation for a C/O ratio of 2.4
Finished sensitivity simulation for a C/O ratio of 2.4
Finished translating for C/O ratio of 2.4
Starting sensitivity simulation for a C/O ratio of 0.8
Finished sensitivity simulation for a C/O ratio of 0.8
Finished translating for C/O ratio of 0.8
Starting sensitivity simulation for a C/O ratio of 0.6
Finished sensitivity simulation for a C/O ratio of 0.6
Finished translating for C/O ratio of 0.6
Starting sensitivity simulation for a C/O ratio of 0.7
Finished sensitivity simulation for a C/O ratio of 0.7
Finished translating for C/O ratio of 0.7
Starting sensitivity simulation for a C/O ratio of 1.8
Finished sensitivity simulation for a C/O ratio of 1.8
Finished translating for C/O ratio of 1.8
Starting sensitivity simulation for a C/O ratio of 1.4
Finished sensitivity simulation for a C/O ratio of 1.4
Finished translating for C/O ratio of 1.4
Starting sensitivity simulation for a C/O ratio of 2.2
Finished sensitivity simulation for a C/O ratio of 2.2
Finished translating for C/O ratio of 2.2
Starting sensitivity simulation for a C/O ratio of 2.0
Finished sensitivity simulation for a C/O ratio of 2.0
Finished translating for C/O ratio of 2.0
