This mechanism contains 39 gas reactions and 42 surface reactions
Finished simulation at a C/O ratio of 2.4
Finished simulation at a C/O ratio of 2.6
Finished simulation at a C/O ratio of 2.2
Finished simulation at a C/O ratio of 0.6
Finished simulation at a C/O ratio of 1.4
Finished simulation at a C/O ratio of 2.0
Finished simulation at a C/O ratio of 1.1
Finished simulation at a C/O ratio of 1.8
Finished simulation at a C/O ratio of 0.9
Finished simulation at a C/O ratio of 1.3
Finished simulation at a C/O ratio of 1.2
Finished simulation at a C/O ratio of 0.8
Finished simulation at a C/O ratio of 1.0
Finished simulation at a C/O ratio of 1.6
Finished simulation at a C/O ratio of 0.7
Starting sensitivity simulation for a C/O ratio of 1.8

***********************************************************************
CanteraError thrown by CVodesIntegrator::step:
CVodes error encountered. Error code: -3

At t = 1.61966e+08 and h = 7.88543e-16, the error test failed repeatedly or with |h| = hmin.
Components with largest weighted error estimates:
26: 54.4662
31: -0.30867
25: -0.0354287
33: -0.00718942
32: -0.001346
34: 0.000102253
37: 9.56852e-06
38: -4.56064e-07
28: 3.00463e-07
39: 1.54772e-07
***********************************************************************

Starting sensitivity simulation for a C/O ratio of 1.1

***********************************************************************
CanteraError thrown by CVodesIntegrator::step:
CVodes error encountered. Error code: -3

At t = 1.68962e+08 and h = 3.75171e-17, the error test failed repeatedly or with |h| = hmin.
Components with largest weighted error estimates:
26: 18.5086
31: 0.246553
25: -0.0420146
32: 0.0180953
33: -0.0037146
34: 0.000218539
38: 3.64703e-05
37: -8.41266e-07
28: -2.98762e-07
36: -3.23226e-08
***********************************************************************

Starting sensitivity simulation for a C/O ratio of 2.0

***********************************************************************
CanteraError thrown by CVodesIntegrator::step:
CVodes error encountered. Error code: -3

At t = 1.29491e+08 and h = 1.62171e-15, the error test failed repeatedly or with |h| = hmin.
Components with largest weighted error estimates:
26: 184.591
31: -0.934018
25: -0.098851
33: -0.0208583
32: -0.00492812
34: 0.000274297
37: 2.32553e-05
38: -1.03969e-06
28: 5.58592e-07
39: 3.04471e-07
***********************************************************************

Starting sensitivity simulation for a C/O ratio of 1.0

***********************************************************************
CanteraError thrown by CVodesIntegrator::step:
CVodes error encountered. Error code: -3

At t = 1.82056e+08 and h = 4.04246e-17, the error test failed repeatedly or with |h| = hmin.
Components with largest weighted error estimates:
26: 19.747
31: 0.394449
25: -0.0466788
32: 0.0194464
33: -0.00605466
34: 0.000371041
38: 6.49082e-05
37: -1.04318e-06
28: -3.36268e-07
36: -1.02275e-07
***********************************************************************

Starting sensitivity simulation for a C/O ratio of 1.3

***********************************************************************
CanteraError thrown by CVodesIntegrator::step:
CVodes error encountered. Error code: -3

At t = 1.38917e+08 and h = 3.08457e-17, the error test failed repeatedly or with |h| = hmin.
Components with largest weighted error estimates:
26: 15.5134
31: 0.108233
25: -0.0319624
32: 0.0149108
33: -0.00153817
34: 8.205e-05
38: 1.22117e-05
37: -4.64437e-07
28: -2.20836e-07
39: -8.76023e-09
***********************************************************************

Starting sensitivity simulation for a C/O ratio of 1.4

***********************************************************************
CanteraError thrown by CVodesIntegrator::step:
CVodes error encountered. Error code: -3

At t = 1.89982e+08 and h = 3.75419e-16, the error test failed repeatedly or with |h| = hmin.
Components with largest weighted error estimates:
26: -13.2367
31: 0.133547
25: 0.0109602
33: 0.00354914
32: 0.000542696
34: -5.27674e-05
37: -3.96061e-06
38: 4.68138e-07
28: -1.91713e-07
39: -1.27173e-07
***********************************************************************

Starting sensitivity simulation for a C/O ratio of 0.9
Finished sensitivity simulation for a C/O ratio of 0.9
Finished translating for C/O ratio of 0.9
Starting sensitivity simulation for a C/O ratio of 0.6
Finished sensitivity simulation for a C/O ratio of 0.6
Finished translating for C/O ratio of 0.6
Starting sensitivity simulation for a C/O ratio of 1.2
Finished sensitivity simulation for a C/O ratio of 1.2
Finished translating for C/O ratio of 1.2
Starting sensitivity simulation for a C/O ratio of 2.4
Finished sensitivity simulation for a C/O ratio of 2.4
Finished translating for C/O ratio of 2.4
Starting sensitivity simulation for a C/O ratio of 2.6
Finished sensitivity simulation for a C/O ratio of 2.6
Finished translating for C/O ratio of 2.6
Starting sensitivity simulation for a C/O ratio of 2.2
Finished sensitivity simulation for a C/O ratio of 2.2
Finished translating for C/O ratio of 2.2
Starting sensitivity simulation for a C/O ratio of 1.6
Finished sensitivity simulation for a C/O ratio of 1.6
Finished translating for C/O ratio of 1.6
Starting sensitivity simulation for a C/O ratio of 0.8
Finished sensitivity simulation for a C/O ratio of 0.8
Finished translating for C/O ratio of 0.8
Starting sensitivity simulation for a C/O ratio of 0.7
Finished sensitivity simulation for a C/O ratio of 0.7
Finished translating for C/O ratio of 0.7
